\BOOKMARK [1][-]{section*.1}{\376\377\000T\000o\000p}{}% 1
